/Users/luke/.local/share/uv/tools/pebble-tool/bin/python test/check.py
Pinned serif assets verified
Dial Prose: all 1440 source phrases and exact times, all rollovers, and 7200 bounded sanitized renders passed

pebble build --sdk 4.33.1
Setting top to                           : /private/var/folders/kl/6kmp_kld6hx_70h5kqwb97k00000gn/T/dial-prose-source-065335ma/imported-source 
Setting out to                           : /private/var/folders/kl/6kmp_kld6hx_70h5kqwb97k00000gn/T/dial-prose-source-065335ma/imported-source/build 
Checking for program 'webpack'           : /Users/luke/Library/Application Support/Pebble SDK/SDKs/4.33.1/node_modules/.bin/webpack 
WARNING: enableMultiJS is not enabled for this project. message_keys.json will not be included in your project unless you add it to your pebble-js-app.js file. 
Found Pebble SDK for gabbro in:          : /Users/luke/Library/Application Support/Pebble SDK/SDKs/4.33.1/sdk-core/pebble/gabbro 
Checking for program 'gcc, cc'           : arm-none-eabi-gcc 
Checking for program 'ar'                : arm-none-eabi-ar 
Found Pebble SDK for flint in:           : /Users/luke/Library/Application Support/Pebble SDK/SDKs/4.33.1/sdk-core/pebble/flint 
Checking for program 'gcc, cc'           : arm-none-eabi-gcc 
Checking for program 'ar'                : arm-none-eabi-ar 
Found Pebble SDK for emery in:           : /Users/luke/Library/Application Support/Pebble SDK/SDKs/4.33.1/sdk-core/pebble/emery 
Checking for program 'gcc, cc'           : arm-none-eabi-gcc 
Checking for program 'ar'                : arm-none-eabi-ar 
Found Pebble SDK for diorite in:         : /Users/luke/Library/Application Support/Pebble SDK/SDKs/4.33.1/sdk-core/pebble/diorite 
Checking for program 'gcc, cc'           : arm-none-eabi-gcc 
Checking for program 'ar'                : arm-none-eabi-ar 
Found Pebble SDK for chalk in:           : /Users/luke/Library/Application Support/Pebble SDK/SDKs/4.33.1/sdk-core/pebble/chalk 
Checking for program 'gcc, cc'           : arm-none-eabi-gcc 
Checking for program 'ar'                : arm-none-eabi-ar 
Found Pebble SDK for basalt in:          : /Users/luke/Library/Application Support/Pebble SDK/SDKs/4.33.1/sdk-core/pebble/basalt 
Checking for program 'gcc, cc'           : arm-none-eabi-gcc 
Checking for program 'ar'                : arm-none-eabi-ar 
'configure' finished successfully (0.136s)
Waf: Entering directory `/private/var/folders/kl/6kmp_kld6hx_70h5kqwb97k00000gn/T/dial-prose-source-065335ma/imported-source/build'
[1/1] Creating message_key_header:  -> build/include/message_keys.auto.h
[ 2/15] Compiling gabbro | reso: resources/images/menu-icon.png -> build/gabbro/resources/images/menu-icon.png.IMAGE_MENU_ICON.reso
[ 3/15] Creating gabbro | /private/var/folders/kl/6kmp_kld6hx_70h5kqwb97k00000gn/T/dial-prose-source-065335ma/imported-source/build/gabbro/appinfo.auto.c:  -> build/gabbro/appinfo.auto.c
[ 4/15] Compiling gabbro | subst: /Users/luke/Library/Application Support/Pebble SDK/SDKs/4.33.1/sdk-core/pebble/common/pebble_app.ld.template -> build/gabbro/pebble_app.ld.auto
[ 5/15] Creating gabbro | /private/var/folders/kl/6kmp_kld6hx_70h5kqwb97k00000gn/T/dial-prose-source-065335ma/imported-source/build/appinfo.json:  -> build/appinfo.json
[ 6/15] Compiling gabbro | resource_ball: build/gabbro/resources/images/menu-icon.png.IMAGE_MENU_ICON.reso -> build/gabbro/system_resources.resball
[ 7/15] Compiling gabbro | generate_resource_id_definitions: build/gabbro/system_resources.resball -> build/gabbro/src/resource_ids.auto.c
[ 8/15] Compiling gabbro | generate_pbpack: build/gabbro/system_resources.resball -> build/gabbro/app_resources.pbpack
[ 9/15] Compiling gabbro | generate_resource_id_header: build/gabbro/system_resources.resball -> build/gabbro/src/resource_ids.auto.h
[10/15] Compiling gabbro | c: build/gabbro/src/resource_ids.auto.c -> build/gabbro/src/resource_ids.auto.c.44.o
[11/15] Compiling gabbro | c: src/c/prose.c -> build/src/c/prose.c.44.o
[12/15] Compiling gabbro | c: src/c/main.c -> build/src/c/main.c.44.o
[13/15] Compiling gabbro | c: build/gabbro/appinfo.auto.c -> build/gabbro/appinfo.auto.c.44.o
[14/15] Linking gabbro | cprogram: build/src/c/main.c.44.o build/src/c/prose.c.44.o build/gabbro/appinfo.auto.c.44.o build/gabbro/src/resource_ids.auto.c.44.o -> build/gabbro/pebble-app.elf
/Users/luke/Library/Application Support/Pebble SDK/SDKs/4.33.1/toolchain/arm-none-eabi/bin/../lib/gcc/arm-none-eabi/14.2.1/../../../../arm-none-eabi/bin/ld: warning: /private/var/folders/kl/6kmp_kld6hx_70h5kqwb97k00000gn/T/dial-prose-source-065335ma/imported-source/build/gabbro/pebble-app.elf has a LOAD segment with RWX permissions

[15/15] Processing gabbro | memory_usage_report: build/gabbro/pebble-app.elf build/gabbro/app_resources.pbpack
-------------------------------------------------------
GABBRO APP MEMORY USAGE
Total size of resources:        4203 bytes / 256.0KB
Total footprint in RAM:         15146 bytes / 128.0KB
Free RAM available (heap):      115926 bytes
------------------------------------------------------- 
[16/29] Compiling flint | reso: resources/images/menu-icon.png -> build/flint/resources/images/menu-icon.png.IMAGE_MENU_ICON.reso
[17/29] Creating flint | /private/var/folders/kl/6kmp_kld6hx_70h5kqwb97k00000gn/T/dial-prose-source-065335ma/imported-source/build/flint/appinfo.auto.c:  -> build/flint/appinfo.auto.c
[18/29] Compiling flint | subst: /Users/luke/Library/Application Support/Pebble SDK/SDKs/4.33.1/sdk-core/pebble/common/pebble_app.ld.template -> build/flint/pebble_app.ld.auto
[20/29] Compiling flint | resource_ball: build/flint/resources/images/menu-icon.png.IMAGE_MENU_ICON.reso -> build/flint/system_resources.resball
[21/29] Compiling flint | generate_resource_id_definitions: build/flint/system_resources.resball -> build/flint/src/resource_ids.auto.c
[22/29] Compiling flint | generate_pbpack: build/flint/system_resources.resball -> build/flint/app_resources.pbpack
[23/29] Compiling flint | generate_resource_id_header: build/flint/system_resources.resball -> build/flint/src/resource_ids.auto.h
[24/29] Compiling flint | c: build/flint/src/resource_ids.auto.c -> build/flint/src/resource_ids.auto.c.45.o
[25/29] Compiling flint | c: src/c/prose.c -> build/src/c/prose.c.45.o
[26/29] Compiling flint | c: src/c/main.c -> build/src/c/main.c.45.o
[27/29] Compiling flint | c: build/flint/appinfo.auto.c -> build/flint/appinfo.auto.c.45.o
[28/29] Linking flint | cprogram: build/src/c/main.c.45.o build/src/c/prose.c.45.o build/flint/appinfo.auto.c.45.o build/flint/src/resource_ids.auto.c.45.o -> build/flint/pebble-app.elf
/Users/luke/Library/Application Support/Pebble SDK/SDKs/4.33.1/toolchain/arm-none-eabi/bin/../lib/gcc/arm-none-eabi/14.2.1/../../../../arm-none-eabi/bin/ld: warning: /private/var/folders/kl/6kmp_kld6hx_70h5kqwb97k00000gn/T/dial-prose-source-065335ma/imported-source/build/flint/pebble-app.elf has a LOAD segment with RWX permissions

[29/29] Processing flint | memory_usage_report: build/flint/pebble-app.elf build/flint/app_resources.pbpack
-------------------------------------------------------
FLINT APP MEMORY USAGE
Total size of resources:        4203 bytes / 256.0KB
Total footprint in RAM:         10281 bytes / 64.0KB
Free RAM available (heap):      55255 bytes
------------------------------------------------------- 
[30/43] Compiling emery | reso: resources/images/menu-icon.png -> build/emery/resources/images/menu-icon.png.IMAGE_MENU_ICON.reso
[31/43] Creating emery | /private/var/folders/kl/6kmp_kld6hx_70h5kqwb97k00000gn/T/dial-prose-source-065335ma/imported-source/build/emery/appinfo.auto.c:  -> build/emery/appinfo.auto.c
[32/43] Compiling emery | subst: /Users/luke/Library/Application Support/Pebble SDK/SDKs/4.33.1/sdk-core/pebble/common/pebble_app.ld.template -> build/emery/pebble_app.ld.auto
[34/43] Compiling emery | resource_ball: build/emery/resources/images/menu-icon.png.IMAGE_MENU_ICON.reso -> build/emery/system_resources.resball
[35/43] Compiling emery | generate_resource_id_definitions: build/emery/system_resources.resball -> build/emery/src/resource_ids.auto.c
[36/43] Compiling emery | generate_pbpack: build/emery/system_resources.resball -> build/emery/app_resources.pbpack
[37/43] Compiling emery | generate_resource_id_header: build/emery/system_resources.resball -> build/emery/src/resource_ids.auto.h
[38/43] Compiling emery | c: build/emery/src/resource_ids.auto.c -> build/emery/src/resource_ids.auto.c.46.o
[39/43] Compiling emery | c: src/c/prose.c -> build/src/c/prose.c.46.o
[40/43] Compiling emery | c: src/c/main.c -> build/src/c/main.c.46.o
[41/43] Compiling emery | c: build/emery/appinfo.auto.c -> build/emery/appinfo.auto.c.46.o
[42/43] Linking emery | cprogram: build/src/c/main.c.46.o build/src/c/prose.c.46.o build/emery/appinfo.auto.c.46.o build/emery/src/resource_ids.auto.c.46.o -> build/emery/pebble-app.elf
/Users/luke/Library/Application Support/Pebble SDK/SDKs/4.33.1/toolchain/arm-none-eabi/bin/../lib/gcc/arm-none-eabi/14.2.1/../../../../arm-none-eabi/bin/ld: warning: /private/var/folders/kl/6kmp_kld6hx_70h5kqwb97k00000gn/T/dial-prose-source-065335ma/imported-source/build/emery/pebble-app.elf has a LOAD segment with RWX permissions

[43/43] Processing emery | memory_usage_report: build/emery/pebble-app.elf build/emery/app_resources.pbpack
-------------------------------------------------------
EMERY APP MEMORY USAGE
Total size of resources:        4203 bytes / 256.0KB
Total footprint in RAM:         13478 bytes / 128.0KB
Free RAM available (heap):      117594 bytes
------------------------------------------------------- 
[44/57] Compiling diorite | reso: resources/images/menu-icon.png -> build/diorite/resources/images/menu-icon.png.IMAGE_MENU_ICON.reso
[45/57] Creating diorite | /private/var/folders/kl/6kmp_kld6hx_70h5kqwb97k00000gn/T/dial-prose-source-065335ma/imported-source/build/diorite/appinfo.auto.c:  -> build/diorite/appinfo.auto.c
[47/57] Compiling diorite | subst: /Users/luke/Library/Application Support/Pebble SDK/SDKs/4.33.1/sdk-core/pebble/common/pebble_app.ld.template -> build/diorite/pebble_app.ld.auto
[48/57] Compiling diorite | resource_ball: build/diorite/resources/images/menu-icon.png.IMAGE_MENU_ICON.reso -> build/diorite/system_resources.resball
[49/57] Compiling diorite | generate_resource_id_definitions: build/diorite/system_resources.resball -> build/diorite/src/resource_ids.auto.c
[50/57] Compiling diorite | generate_pbpack: build/diorite/system_resources.resball -> build/diorite/app_resources.pbpack
[51/57] Compiling diorite | generate_resource_id_header: build/diorite/system_resources.resball -> build/diorite/src/resource_ids.auto.h
[52/57] Compiling diorite | c: build/diorite/src/resource_ids.auto.c -> build/diorite/src/resource_ids.auto.c.47.o
[53/57] Compiling diorite | c: src/c/prose.c -> build/src/c/prose.c.47.o
[54/57] Compiling diorite | c: src/c/main.c -> build/src/c/main.c.47.o
[55/57] Compiling diorite | c: build/diorite/appinfo.auto.c -> build/diorite/appinfo.auto.c.47.o
[56/57] Linking diorite | cprogram: build/src/c/main.c.47.o build/src/c/prose.c.47.o build/diorite/appinfo.auto.c.47.o build/diorite/src/resource_ids.auto.c.47.o -> build/diorite/pebble-app.elf
/Users/luke/Library/Application Support/Pebble SDK/SDKs/4.33.1/toolchain/arm-none-eabi/bin/../lib/gcc/arm-none-eabi/14.2.1/../../../../arm-none-eabi/bin/ld: warning: /private/var/folders/kl/6kmp_kld6hx_70h5kqwb97k00000gn/T/dial-prose-source-065335ma/imported-source/build/diorite/pebble-app.elf has a LOAD segment with RWX permissions

[57/57] Processing diorite | memory_usage_report: build/diorite/pebble-app.elf build/diorite/app_resources.pbpack
-------------------------------------------------------
DIORITE APP MEMORY USAGE
Total size of resources:        4203 bytes / 256.0KB
Total footprint in RAM:         10281 bytes / 64.0KB
Free RAM available (heap):      55255 bytes
------------------------------------------------------- 
[58/71] Compiling chalk | reso: resources/images/menu-icon.png -> build/chalk/resources/images/menu-icon.png.IMAGE_MENU_ICON.reso
[59/71] Creating chalk | /private/var/folders/kl/6kmp_kld6hx_70h5kqwb97k00000gn/T/dial-prose-source-065335ma/imported-source/build/chalk/appinfo.auto.c:  -> build/chalk/appinfo.auto.c
[60/71] Compiling chalk | subst: /Users/luke/Library/Application Support/Pebble SDK/SDKs/4.33.1/sdk-core/pebble/common/pebble_app.ld.template -> build/chalk/pebble_app.ld.auto
[62/71] Compiling chalk | resource_ball: build/chalk/resources/images/menu-icon.png.IMAGE_MENU_ICON.reso -> build/chalk/system_resources.resball
[63/71] Compiling chalk | generate_resource_id_definitions: build/chalk/system_resources.resball -> build/chalk/src/resource_ids.auto.c
[64/71] Compiling chalk | generate_pbpack: build/chalk/system_resources.resball -> build/chalk/app_resources.pbpack
[65/71] Compiling chalk | generate_resource_id_header: build/chalk/system_resources.resball -> build/chalk/src/resource_ids.auto.h
[66/71] Compiling chalk | c: build/chalk/src/resource_ids.auto.c -> build/chalk/src/resource_ids.auto.c.48.o
[67/71] Compiling chalk | c: src/c/prose.c -> build/src/c/prose.c.48.o
[68/71] Compiling chalk | c: src/c/main.c -> build/src/c/main.c.48.o
[69/71] Compiling chalk | c: build/chalk/appinfo.auto.c -> build/chalk/appinfo.auto.c.48.o
[70/71] Linking chalk | cprogram: build/src/c/main.c.48.o build/src/c/prose.c.48.o build/chalk/appinfo.auto.c.48.o build/chalk/src/resource_ids.auto.c.48.o -> build/chalk/pebble-app.elf
/Users/luke/Library/Application Support/Pebble SDK/SDKs/4.33.1/toolchain/arm-none-eabi/bin/../lib/gcc/arm-none-eabi/14.2.1/../../../../arm-none-eabi/bin/ld: warning: /private/var/folders/kl/6kmp_kld6hx_70h5kqwb97k00000gn/T/dial-prose-source-065335ma/imported-source/build/chalk/pebble-app.elf has a LOAD segment with RWX permissions

[71/71] Processing chalk | memory_usage_report: build/chalk/pebble-app.elf build/chalk/app_resources.pbpack
-------------------------------------------------------
CHALK APP MEMORY USAGE
Total size of resources:        4203 bytes / 256.0KB
Total footprint in RAM:         10737 bytes / 64.0KB
Free RAM available (heap):      54799 bytes
------------------------------------------------------- 
[72/85] Compiling basalt | reso: resources/images/menu-icon.png -> build/basalt/resources/images/menu-icon.png.IMAGE_MENU_ICON.reso
[73/85] Creating basalt | /private/var/folders/kl/6kmp_kld6hx_70h5kqwb97k00000gn/T/dial-prose-source-065335ma/imported-source/build/basalt/appinfo.auto.c:  -> build/basalt/appinfo.auto.c
[74/85] Compiling basalt | subst: /Users/luke/Library/Application Support/Pebble SDK/SDKs/4.33.1/sdk-core/pebble/common/pebble_app.ld.template -> build/basalt/pebble_app.ld.auto
[76/85] Compiling basalt | resource_ball: build/basalt/resources/images/menu-icon.png.IMAGE_MENU_ICON.reso -> build/basalt/system_resources.resball
[77/85] Compiling basalt | generate_resource_id_definitions: build/basalt/system_resources.resball -> build/basalt/src/resource_ids.auto.c
[78/85] Compiling basalt | generate_pbpack: build/basalt/system_resources.resball -> build/basalt/app_resources.pbpack
[79/85] Compiling basalt | generate_resource_id_header: build/basalt/system_resources.resball -> build/basalt/src/resource_ids.auto.h
[80/85] Compiling basalt | c: build/basalt/src/resource_ids.auto.c -> build/basalt/src/resource_ids.auto.c.49.o
[81/85] Compiling basalt | c: src/c/prose.c -> build/src/c/prose.c.49.o
[82/85] Compiling basalt | c: src/c/main.c -> build/src/c/main.c.49.o
[83/85] Compiling basalt | c: build/basalt/appinfo.auto.c -> build/basalt/appinfo.auto.c.49.o
[84/85] Linking basalt | cprogram: build/src/c/main.c.49.o build/src/c/prose.c.49.o build/basalt/appinfo.auto.c.49.o build/basalt/src/resource_ids.auto.c.49.o -> build/basalt/pebble-app.elf
/Users/luke/Library/Application Support/Pebble SDK/SDKs/4.33.1/toolchain/arm-none-eabi/bin/../lib/gcc/arm-none-eabi/14.2.1/../../../../arm-none-eabi/bin/ld: warning: /private/var/folders/kl/6kmp_kld6hx_70h5kqwb97k00000gn/T/dial-prose-source-065335ma/imported-source/build/basalt/pebble-app.elf has a LOAD segment with RWX permissions

[85/85] Processing basalt | memory_usage_report: build/basalt/pebble-app.elf build/basalt/app_resources.pbpack
-------------------------------------------------------
BASALT APP MEMORY USAGE
Total size of resources:        4203 bytes / 256.0KB
Total footprint in RAM:         10301 bytes / 64.0KB
Free RAM available (heap):      55235 bytes
------------------------------------------------------- 
[86/98] Compiling gabbro | /private/var/folders/kl/6kmp_kld6hx_70h5kqwb97k00000gn/T/dial-prose-source-065335ma/imported-source/build/gabbro/pebble-app.raw.bin: build/gabbro/pebble-app.elf -> build/gabbro/pebble-app.raw.bin
[87/98] Compiling flint | /private/var/folders/kl/6kmp_kld6hx_70h5kqwb97k00000gn/T/dial-prose-source-065335ma/imported-source/build/flint/pebble-app.raw.bin: build/flint/pebble-app.elf -> build/flint/pebble-app.raw.bin
[88/98] Compiling emery | /private/var/folders/kl/6kmp_kld6hx_70h5kqwb97k00000gn/T/dial-prose-source-065335ma/imported-source/build/emery/pebble-app.raw.bin: build/emery/pebble-app.elf -> build/emery/pebble-app.raw.bin
[89/98] Compiling diorite | /private/var/folders/kl/6kmp_kld6hx_70h5kqwb97k00000gn/T/dial-prose-source-065335ma/imported-source/build/diorite/pebble-app.raw.bin: build/diorite/pebble-app.elf -> build/diorite/pebble-app.raw.bin
[90/98] Compiling chalk | /private/var/folders/kl/6kmp_kld6hx_70h5kqwb97k00000gn/T/dial-prose-source-065335ma/imported-source/build/chalk/pebble-app.raw.bin: build/chalk/pebble-app.elf -> build/chalk/pebble-app.raw.bin
[91/98] Compiling basalt | /private/var/folders/kl/6kmp_kld6hx_70h5kqwb97k00000gn/T/dial-prose-source-065335ma/imported-source/build/basalt/pebble-app.raw.bin: build/basalt/pebble-app.elf -> build/basalt/pebble-app.raw.bin
[92/98] Processing flint | inject-metadata: build/flint/pebble-app.raw.bin build/flint/pebble-app.elf build/flint/app_resources.pbpack -> build/flint/pebble-app.bin
[93/98] Processing basalt | inject-metadata: build/basalt/pebble-app.raw.bin build/basalt/pebble-app.elf build/basalt/app_resources.pbpack -> build/basalt/pebble-app.bin
[94/98] Processing emery | inject-metadata: build/emery/pebble-app.raw.bin build/emery/pebble-app.elf build/emery/app_resources.pbpack -> build/emery/pebble-app.bin
[95/98] Processing chalk | inject-metadata: build/chalk/pebble-app.raw.bin build/chalk/pebble-app.elf build/chalk/app_resources.pbpack -> build/chalk/pebble-app.bin
[96/98] Processing gabbro | inject-metadata: build/gabbro/pebble-app.raw.bin build/gabbro/pebble-app.elf build/gabbro/app_resources.pbpack -> build/gabbro/pebble-app.bin
[97/98] Processing diorite | inject-metadata: build/diorite/pebble-app.raw.bin build/diorite/pebble-app.elf build/diorite/app_resources.pbpack -> build/diorite/pebble-app.bin
[98/98] Creating app_bundle:  -> build/imported-source.pbw
Waf: Leaving directory `/private/var/folders/kl/6kmp_kld6hx_70h5kqwb97k00000gn/T/dial-prose-source-065335ma/imported-source/build'
'build' finished successfully (0.824s)

[1m[33mA new pebble-tool is available: v5.0.40 (current: v5.0.39)[0m
[33m  Update with: uv tool upgrade pebble-tool[0m
/Users/luke/.local/share/uv/tools/pebble-tool/bin/python test/package.py
Dial Prose 0.1.0: six native targets, menu icon, offline watchface; SHA-256 61523b69aaca14ffdf4c72980b84ff87a47d97cacf0d2b1c5eab9e909e931752
